// Bun Snapshot v1, https://goo.gl/fbAQLP

exports[`each tests each if 1`] = `
"
      v is: a
      
    "
`;
